>> loading data + day-48/49 matrices
>> fitting damped Holt's per geohash on residuals R(0..8) -> forecast R(9..95)
   Holt fits: succeeded 1078, fallback 181  time=34.8s
>> Holt residual model OOF R² (day-49 morning) = 1.00000
>> Ridge weights: {'cb': np.float64(0.0281), 'xgb': np.float64(0.0075), 'lgb': np.float64(0.0072), 'hgb': np.float64(0.0), 'et': np.float64(0.0259), 'knn': np.float64(0.0), 'chrS_50': np.float64(0.0), 'residual': np.float64(0.0), 'pseudo': np.float64(0.0021), 'nn': np.float64(0.0), 'holt': np.float64(0.9349)}
>> v32 raw OOF R² = 0.99981
   w=2 b=0.5: OOF R²=0.99629
   w=2 b=0.75: OOF R²=0.99246
   w=2 b=1.0: OOF R²=0.98723
   w=3 b=0.5: OOF R²=0.99548
   w=3 b=0.75: OOF R²=0.99076
   w=3 b=1.0: OOF R²=0.98434
   w=4 b=0.5: OOF R²=0.99421
   w=4 b=0.75: OOF R²=0.98800
   w=4 b=1.0: OOF R²=0.97952
>> winner: raw  OOF R²=0.99981
>> wrote submission.csv (41778, 2)
   Index    demand
0      0  0.022895
1      1  0.017937
2      2  0.029217
3      3  0.066541
4      4  0.126309
